// Jest Snapshot v1, https://goo.gl/fbAQLP

exports[`ulisp compile 1`] = `
"  .global _main

  .text

plus:
  ADD RDI, RSI
  MOV RAX, RDI
  RET

_main:
  PUSH RDI
  PUSH RSI
  MOV RDI, 31
  PUSH RDI
  PUSH RSI
  MOV RDI, 1
  MOV RSI, 2
  CALL plus
  POP RSI
  POP RDI
  MOV RSI, RAX

  CALL plus
  POP RSI
  POP RDI

  MOV RDI, RAX
  MOV RAX, 0x2000001
  SYSCALL
"
`;
